I'm sorry, but errors were detected in your script. Please correct the
errors listed below, and try again.


File "game/startPy.rpy", line 17: invalid syntax
        races[current["name"]] = current["name"].name : current["name"]
                                                       ^
    

Ren'Py Version: Ren'Py 7.3.5.606
Mon Jun 08 11:47:32 2020
